[Licensing::Module] Trying to connect to existing licensing client channel...
Built from '6000.3/staging' branch; Version is '6000.3.10f1 (e35f0c77bd8e) revision 14901004'; Using compiler version '194234433'; Build Type 'Release'
OS: 'Windows 10  (10.0.19045) 64bit Professional' Language: 'ru' Physical Memory: 32668 MB
[Licensing::IpcConnector] Successfully connected to: "LicenseClient-skond" at "2026-03-19T18:13:40.9778916Z"
BatchMode: 1, IsHumanControllingUs: 0, StartBugReporterOnCrash: 0, Is64bit: 1
System  architecture: x64
Process architecture: x64
Date: 2026-03-19T18:13:40Z

COMMAND LINE ARGUMENTS:
C:\Program Files\Unity\Hub\Editor\6000.3.10f1\Editor\Unity.exe
-adb2
-batchMode
-noUpm
-name
AssetImportWorker2
-projectPath
C:/Users/skond/OneDrive/Документы/GitHub/RPG/Real_RPG
-logFile
Logs/AssetImportWorker2.log
-srvPort
58025
-licensingIpc
LicenseClient-skond
-job-worker-count
5
-background-job-worker-count
8
-gc-helper-count
1
-name
AssetImport
Successfully changed project path to: C:/Users/skond/OneDrive/Документы/GitHub/RPG/Real_RPG
C:/Users/skond/OneDrive/Документы/GitHub/RPG/Real_RPG
[UnityMemory] Configuration Parameters - Can be set up in boot.config
    "memorysetup-temp-allocator-size-nav-mesh-worker=65536"
    "memorysetup-temp-allocator-size-audio-worker=65536"
    "memorysetup-temp-allocator-size-gfx=262144"
    "memorysetup-allocator-temp-initial-block-size-main=262144"
    "memorysetup-allocator-temp-initial-block-size-worker=262144"
    "memorysetup-temp-allocator-size-background-worker=32768"
    "memorysetup-temp-allocator-size-job-worker=262144"
    "memorysetup-temp-allocator-size-preload-manager=33554432"
    "memorysetup-temp-allocator-size-gi-baking-worker=262144"
    "memorysetup-temp-allocator-size-gi-baking-worker=262144"
    "memorysetup-temp-allocator-size-gi-baking-worker=262144"
    "memorysetup-temp-allocator-size-gi-baking-worker=262144"
    "memorysetup-temp-allocator-size-gi-baking-worker=262144"
    "memorysetup-bucket-allocator-granularity=16"
    "memorysetup-bucket-allocator-bucket-count=8"
    "memorysetup-bucket-allocator-block-size=33554432"
    "memorysetup-bucket-allocator-block-count=8"
    "memorysetup-main-allocator-block-size=16777216"
    "memorysetup-thread-allocator-block-size=16777216"
    "memorysetup-gfx-main-allocator-block-size=16777216"
    "memorysetup-gfx-thread-allocator-block-size=16777216"
    "memorysetup-cache-allocator-block-size=4194304"
    "memorysetup-typetree-allocator-block-size=2097152"
    "memorysetup-profiler-bucket-allocator-granularity=16"
    "memorysetup-profiler-bucket-allocator-bucket-count=8"
    "memorysetup-profiler-bucket-allocator-block-size=33554432"
    "memorysetup-profiler-bucket-allocator-block-count=8"
    "memorysetup-profiler-allocator-block-size=16777216"
    "memorysetup-profiler-editor-allocator-block-size=1048576"
    "memorysetup-temp-allocator-size-main=16777216"
    "memorysetup-job-temp-allocator-block-size=2097152"
    "memorysetup-job-temp-allocator-block-size-background=1048576"
    "memorysetup-job-temp-allocator-reduction-small-platforms=262144"
    "memorysetup-temp-allocator-size-cloud-worker=32768"
Player connection [22588]  Target information:

Player connection [22588]  * "[IP] 192.168.1.109 [Port] 0 [Flags] 2 [Guid] 534211078 [EditorId] 534211078 [Version] 1048832 [Id] WindowsEditor(7,DESCTOP-NIKITA) [Debug] 1 [PackageName] WindowsEditor [ProjectName] Editor" 

Player connection [22588]  * "[IP] 26.159.67.115 [Port] 0 [Flags] 2 [Guid] 534211078 [EditorId] 534211078 [Version] 1048832 [Id] WindowsEditor(7,DESCTOP-NIKITA) [Debug] 1 [PackageName] WindowsEditor [ProjectName] Editor" 

Player connection [22588]  * "[IP] 192.168.56.1 [Port] 0 [Flags] 2 [Guid] 534211078 [EditorId] 534211078 [Version] 1048832 [Id] WindowsEditor(7,DESCTOP-NIKITA) [Debug] 1 [PackageName] WindowsEditor [ProjectName] Editor" 

Player connection [22588] Host joined multi-casting on [225.0.0.222:54997]...
Player connection [22588] Host joined alternative multi-casting on [225.0.0.222:34997]...
JobSystem: Creating JobQueue using job-worker-count value 5
Input System module state changed to: Initialized.
[Physics::Module] Initialized fallback backend.
[Physics::Module] Id: 0xdecafbad
Library Redirect Path: Library/
[Physics::Module] Selected backend.
[Physics::Module] Name: PhysX
[Physics::Module] Id: 0xf2b8ea05
[Physics::Module] SDK Version: 4.1.2
[Physics::Module] Integration Version: 1.0.0
[Physics::Module] Threading Mode: Multi-Threaded
Refreshing native plugins compatible for Editor in 2.68 ms, found 3 plugins.
Preloading 0 native plugins for Editor in 0.00 ms.
Initialize engine version: 6000.3.10f1 (e35f0c77bd8e)
[Subsystems] Discovering subsystems at path C:/Program Files/Unity/Hub/Editor/6000.3.10f1/Editor/Data/Resources/UnitySubsystems
[Subsystems] Discovering subsystems at path C:/Users/skond/OneDrive/Документы/GitHub/RPG/Real_RPG/Assets
GfxDevice: creating device client; kGfxThreadingModeNonThreaded
Direct3D:
    Version:  Direct3D 11.0 [level 11.1]
    Renderer: NVIDIA GeForce RTX 4060 (ID=0x2882)
    Vendor:   NVIDIA
    VRAM:     7957 MB
    Driver:   32.0.15.8180
Initialize mono
Mono path[0] = 'C:/Program Files/Unity/Hub/Editor/6000.3.10f1/Editor/Data/Managed'
Mono path[1] = 'C:/Program Files/Unity/Hub/Editor/6000.3.10f1/Editor/Data/MonoBleedingEdge/lib/mono/unityjit-win32'
Mono config path = 'C:/Program Files/Unity/Hub/Editor/6000.3.10f1/Editor/Data/MonoBleedingEdge/etc'
Using monoOptions --debugger-agent=transport=dt_socket,embedding=1,server=y,suspend=n,address=127.0.0.1:56548
Begin MonoManager ReloadAssembly
Registering precompiled unity dll's ...
Register platform support module: C:/Program Files/Unity/Hub/Editor/6000.3.10f1/Editor/Data/PlaybackEngines/WindowsStandaloneSupport/UnityEditor.WindowsStandalone.Extensions.dll
Registered in 0.003660 seconds.
- Loaded All Assemblies, in  0.666 seconds
[Licensing::Client] Handshaking with LicensingClient:
  Version:                 1.17.4+4293ba1
  Session Id:              b5aa409e5b014320887dd94b22f74f85
  Correlation Id:          740a33a231589c221f42416699ed8bec
  External correlation Id: 4256439613511303267
  Machine Id:              EAfocD0rgLwKLANkq5GPS46Ey/g=
[Licensing::Module] Successfully connected to LicensingClient on channel: "LicenseClient-skond" (connect: 0.00s, validation: 0.00s, handshake: 1.73s)
[Licensing::IpcConnector] Successfully connected to: "LicenseClient-skond-notifications" at "2026-03-19T18:13:42.7052062Z"
[Licensing::Module] Licensing Background thread has ended after 1.73s
Native extension for WindowsStandalone target not found
ScheduleIndexationOnStartup MainProcess:False IndexOnStartup:True
Mono: successfully reloaded assembly
- Finished resetting the current domain, in  0.672 seconds
Domain Reload Profiling: 1333ms
	BeginReloadAssembly (210ms)
		ExecutionOrderSort (0ms)
		DisableScriptedObjects (0ms)
		BackupInstance (0ms)
		ReleaseScriptingObjects (0ms)
		CreateAndSetChildDomain (1ms)
	RebuildCommonClasses (87ms)
	RebuildNativeTypeToScriptingClass (27ms)
	initialDomainReloadingComplete (78ms)
	LoadAllAssembliesAndSetupDomain (259ms)
		LoadAssemblies (204ms)
		RebuildTransferFunctionScriptingTraits (0ms)
		AnalyzeDomain (255ms)
			TypeCache.Refresh (253ms)
				TypeCache.ScanAssembly (234ms)
			BuildScriptInfoCaches (0ms)
			ResolveRequiredComponents (1ms)
	FinalizeReload (673ms)
		ReleaseScriptCaches (0ms)
		RebuildScriptCaches (0ms)
		SetupLoadedEditorAssemblies (588ms)
			LogAssemblyErrors (0ms)
			InitializePlatformSupportModulesInManaged (126ms)
			SetLoadedEditorAssemblies (6ms)
			BeforeProcessingInitializeOnLoad (164ms)
			ProcessInitializeOnLoadAttributes (230ms)
			ProcessInitializeOnLoadMethodAttributes (62ms)
			AfterProcessingInitializeOnLoad (0ms)
			EditorAssembliesLoaded (0ms)
		ExecutionOrderSort2 (0ms)
		AwakeInstancesAfterBackupRestoration (0ms)
========================================================================
Worker process is ready to serve import requests
Import Worker Mode flag is 0x00
Begin MonoManager ReloadAssembly
[Licensing::Client] Successfully resolved entitlement details
[Licensing::Module] License group:
  Id: 10171162515417-UnityPersXXXX
  Product: Unity Personal
  Type: Assigned
  Expiration: Unlimited
- Loaded All Assemblies, in  1.191 seconds
Refreshing native plugins compatible for Editor in 1.43 ms, found 3 plugins.
Native extension for WindowsStandalone target not found
Package Manager log level set to [2]
[Package Manager] Failed to launch server process. Reason: Unity was launched with the -noUpm command-line argument
[Package Manager] Unable to send message (not connected to server process).
[Package Manager] Cannot connect to Unity Package Manager local server
ScheduleIndexationOnStartup MainProcess:False IndexOnStartup:True
Mono: successfully reloaded assembly
- Finished resetting the current domain, in  1.346 seconds
Domain Reload Profiling: 2529ms
	BeginReloadAssembly (234ms)
		ExecutionOrderSort (0ms)
		DisableScriptedObjects (7ms)
		BackupInstance (0ms)
		ReleaseScriptingObjects (0ms)
		CreateAndSetChildDomain (38ms)
	RebuildCommonClasses (53ms)
	RebuildNativeTypeToScriptingClass (19ms)
	initialDomainReloadingComplete (48ms)
	LoadAllAssembliesAndSetupDomain (828ms)
		LoadAssemblies (479ms)
		RebuildTransferFunctionScriptingTraits (0ms)
		AnalyzeDomain (476ms)
			TypeCache.Refresh (340ms)
				TypeCache.ScanAssembly (315ms)
			BuildScriptInfoCaches (111ms)
			ResolveRequiredComponents (19ms)
	FinalizeReload (1347ms)
		ReleaseScriptCaches (0ms)
		RebuildScriptCaches (0ms)
		SetupLoadedEditorAssemblies (1131ms)
			LogAssemblyErrors (0ms)
			InitializePlatformSupportModulesInManaged (20ms)
			SetLoadedEditorAssemblies (5ms)
			BeforeProcessingInitializeOnLoad (206ms)
			ProcessInitializeOnLoadAttributes (490ms)
			ProcessInitializeOnLoadMethodAttributes (402ms)
			AfterProcessingInitializeOnLoad (8ms)
			EditorAssembliesLoaded (0ms)
		ExecutionOrderSort2 (0ms)
		AwakeInstancesAfterBackupRestoration (7ms)
Launched and connected shader compiler UnityShaderCompiler.exe after 0.01 seconds
Refreshing native plugins compatible for Editor in 1.28 ms, found 3 plugins.
Preloading 0 native plugins for Editor in 0.00 ms.
Unloading 11 Unused Serialized files (Serialized files now loaded: 0)
Unloading 7341 unused Assets / (5.6 MB). Loaded Objects now: 8401.
Memory consumption went from 213.7 MB to 208.1 MB.
Total: 15.801800 ms (FindLiveObjects: 1.289700 ms CreateObjectMapping: 2.039800 ms MarkObjects: 7.890000 ms  DeleteObjects: 4.581200 ms)

========================================================================
Received Import Request.
  Time since last request: 362047.806035 seconds.
  path: Assets/work/skript/player/midle/gan/gn_sword.cs
  artifactKey: Guid(633166fa62dfd9a49a278f9a843312a7) Importer(2089858483,b0f066a214c2f5e87bad3c948f4d605d)
Start importing Assets/work/skript/player/midle/gan/gn_sword.cs using Guid(633166fa62dfd9a49a278f9a843312a7) Importer(2089858483,b0f066a214c2f5e87bad3c948f4d605d) (ScriptedImporter) -> (artifact id: '08adc5e35e7989858d3265ef7718d40b') in 0.1148821 seconds
Number of updated asset objects reloaded before import = 0Number of asset objects unloaded after import = 0

========================================================================
Received Import Request.
  Time since last request: 0.000018 seconds.
  path: Assets/work/skript/player/midle/gan/gn_baz_mele.cs
  artifactKey: Guid(2f113faeeaddf3d43948dac26f91ea23) Importer(2089858483,b0f066a214c2f5e87bad3c948f4d605d)
Start importing Assets/work/skript/player/midle/gan/gn_baz_mele.cs using Guid(2f113faeeaddf3d43948dac26f91ea23) Importer(2089858483,b0f066a214c2f5e87bad3c948f4d605d) (ScriptedImporter) -> (artifact id: '9d01b75f84f2a2eb5486017b95d698fa') in 0.0045599 seconds
Number of updated asset objects reloaded before import = 0Number of asset objects unloaded after import = 0

========================================================================
Received Import Request.
  Time since last request: 0.000019 seconds.
  path: Assets/_Recovery/0 (1).unity
  artifactKey: Guid(be8b404a962bd1d439fb94efdf21f6ae) Importer(2089858483,b0f066a214c2f5e87bad3c948f4d605d)
Start importing Assets/_Recovery/0 (1).unity using Guid(be8b404a962bd1d439fb94efdf21f6ae) Importer(2089858483,b0f066a214c2f5e87bad3c948f4d605d) (ScriptedImporter) -> (artifact id: 'f27bf2223ecb688e186c637d845ca6ac') in 0.0053763 seconds
Number of updated asset objects reloaded before import = 0Number of asset objects unloaded after import = 1

========================================================================
Received Prepare
Begin MonoManager ReloadAssembly
- Loaded All Assemblies, in  1.085 seconds
Refreshing native plugins compatible for Editor in 1.46 ms, found 3 plugins.
Native extension for WindowsStandalone target not found
[Package Manager] Failed to launch server process. Reason: Unity was launched with the -noUpm command-line argument
[Package Manager] Unable to send message (not connected to server process).
[Package Manager] Cannot connect to Unity Package Manager local server
ScheduleIndexationOnStartup MainProcess:False IndexOnStartup:True
Mono: successfully reloaded assembly
- Finished resetting the current domain, in  1.082 seconds
Domain Reload Profiling: 2166ms
	BeginReloadAssembly (280ms)
		ExecutionOrderSort (0ms)
		DisableScriptedObjects (9ms)
		BackupInstance (0ms)
		ReleaseScriptingObjects (0ms)
		CreateAndSetChildDomain (68ms)
	RebuildCommonClasses (49ms)
	RebuildNativeTypeToScriptingClass (20ms)
	initialDomainReloadingComplete (36ms)
	LoadAllAssembliesAndSetupDomain (699ms)
		LoadAssemblies (463ms)
		RebuildTransferFunctionScriptingTraits (0ms)
		AnalyzeDomain (356ms)
			TypeCache.Refresh (13ms)
				TypeCache.ScanAssembly (0ms)
			BuildScriptInfoCaches (324ms)
			ResolveRequiredComponents (14ms)
	FinalizeReload (1083ms)
		ReleaseScriptCaches (0ms)
		RebuildScriptCaches (0ms)
		SetupLoadedEditorAssemblies (805ms)
			LogAssemblyErrors (0ms)
			InitializePlatformSupportModulesInManaged (16ms)
			SetLoadedEditorAssemblies (4ms)
			BeforeProcessingInitializeOnLoad (238ms)
			ProcessInitializeOnLoadAttributes (436ms)
			ProcessInitializeOnLoadMethodAttributes (104ms)
			AfterProcessingInitializeOnLoad (7ms)
			EditorAssembliesLoaded (0ms)
		ExecutionOrderSort2 (0ms)
		AwakeInstancesAfterBackupRestoration (17ms)
Refreshing native plugins compatible for Editor in 1.97 ms, found 3 plugins.
Preloading 0 native plugins for Editor in 0.00 ms.
Unloading 6 Unused Serialized files (Serialized files now loaded: 0)
Unloading 7339 unused Assets / (5.3 MB). Loaded Objects now: 8431.
Memory consumption went from 224.6 MB to 219.3 MB.
Total: 21.519500 ms (FindLiveObjects: 1.384500 ms CreateObjectMapping: 2.210000 ms MarkObjects: 13.380100 ms  DeleteObjects: 4.542700 ms)

Prepare: number of updated asset objects reloaded= 0
========================================================================
Received Prepare
Begin MonoManager ReloadAssembly
[Licensing::Client] Successfully resolved entitlement details
- Loaded All Assemblies, in  1.046 seconds
Refreshing native plugins compatible for Editor in 0.99 ms, found 3 plugins.
Native extension for WindowsStandalone target not found
[Package Manager] Failed to launch server process. Reason: Unity was launched with the -noUpm command-line argument
[Package Manager] Unable to send message (not connected to server process).
[Package Manager] Cannot connect to Unity Package Manager local server
ScheduleIndexationOnStartup MainProcess:False IndexOnStartup:True
Mono: successfully reloaded assembly
- Finished resetting the current domain, in  0.975 seconds
Domain Reload Profiling: 2018ms
	BeginReloadAssembly (266ms)
		ExecutionOrderSort (0ms)
		DisableScriptedObjects (8ms)
		BackupInstance (0ms)
		ReleaseScriptingObjects (0ms)
		CreateAndSetChildDomain (58ms)
	RebuildCommonClasses (44ms)
	RebuildNativeTypeToScriptingClass (17ms)
	initialDomainReloadingComplete (36ms)
	LoadAllAssembliesAndSetupDomain (679ms)
		LoadAssemblies (460ms)
		RebuildTransferFunctionScriptingTraits (0ms)
		AnalyzeDomain (340ms)
			TypeCache.Refresh (11ms)
				TypeCache.ScanAssembly (0ms)
			BuildScriptInfoCaches (310ms)
			ResolveRequiredComponents (14ms)
	FinalizeReload (976ms)
		ReleaseScriptCaches (0ms)
		RebuildScriptCaches (0ms)
		SetupLoadedEditorAssemblies (717ms)
			LogAssemblyErrors (0ms)
			InitializePlatformSupportModulesInManaged (14ms)
			SetLoadedEditorAssemblies (4ms)
			BeforeProcessingInitializeOnLoad (191ms)
			ProcessInitializeOnLoadAttributes (405ms)
			ProcessInitializeOnLoadMethodAttributes (95ms)
			AfterProcessingInitializeOnLoad (8ms)
			EditorAssembliesLoaded (0ms)
		ExecutionOrderSort2 (0ms)
		AwakeInstancesAfterBackupRestoration (20ms)
Refreshing native plugins compatible for Editor in 1.13 ms, found 3 plugins.
Preloading 0 native plugins for Editor in 0.00 ms.
Unloading 6 Unused Serialized files (Serialized files now loaded: 0)
Unloading 7339 unused Assets / (4.9 MB). Loaded Objects now: 8434.
Memory consumption went from 224.4 MB to 219.5 MB.
Total: 13.985500 ms (FindLiveObjects: 1.051700 ms CreateObjectMapping: 2.238600 ms MarkObjects: 7.025700 ms  DeleteObjects: 3.668200 ms)

Prepare: number of updated asset objects reloaded= 0
========================================================================
Received Import Request.
  Time since last request: 905.852364 seconds.
  path: Assets/work/sound/Retro
  artifactKey: Guid(089efd99ec9c8bd4fa6696e628200c09) Importer(815301076,1909f56bfc062723c751e8b465ee728b)
Start importing Assets/work/sound/Retro using Guid(089efd99ec9c8bd4fa6696e628200c09) Importer(815301076,1909f56bfc062723c751e8b465ee728b) (PreviewImporter) -> (artifact id: 'c0fc188b36775a23142c2a0f757f8deb') in 0.0185034 seconds
Number of updated asset objects reloaded before import = 0Number of asset objects unloaded after import = 0

========================================================================
Received Import Request.
  Time since last request: 0.000024 seconds.
  path: Assets/work/sound/Retro/coin.wav
  artifactKey: Guid(a6bbf2d01d0c93f4ca03b3c7edd4c092) Importer(815301076,1909f56bfc062723c751e8b465ee728b)
Start importing Assets/work/sound/Retro/coin.wav using Guid(a6bbf2d01d0c93f4ca03b3c7edd4c092) Importer(815301076,1909f56bfc062723c751e8b465ee728b) (PreviewImporter) -> (artifact id: '3c1337309f6fe0f623bcd226c9d30eff') in 0.1119392 seconds
Number of updated asset objects reloaded before import = 0Number of asset objects unloaded after import = 2

========================================================================
Received Import Request.
  Time since last request: 0.000030 seconds.
  path: Assets/work/sound/Retro/explosion_medium.wav
  artifactKey: Guid(5c2ef27f9f5106b4c8a55759de58e96e) Importer(815301076,1909f56bfc062723c751e8b465ee728b)
Start importing Assets/work/sound/Retro/explosion_medium.wav using Guid(5c2ef27f9f5106b4c8a55759de58e96e) Importer(815301076,1909f56bfc062723c751e8b465ee728b) (PreviewImporter) -> (artifact id: '992f390eea53103b163b6b7875caaa5f') in 0.0514652 seconds
Number of updated asset objects reloaded before import = 0Number of asset objects unloaded after import = 2

========================================================================
Received Import Request.
  Time since last request: 0.000015 seconds.
  path: Assets/work/sound/Retro/grow_big.wav
  artifactKey: Guid(01f5966a1dcf20348b69776be6116770) Importer(815301076,1909f56bfc062723c751e8b465ee728b)
Start importing Assets/work/sound/Retro/grow_big.wav using Guid(01f5966a1dcf20348b69776be6116770) Importer(815301076,1909f56bfc062723c751e8b465ee728b) (PreviewImporter) -> (artifact id: '1800ef7521a8b1691d6ef163cab1021e') in 0.0059103 seconds
Number of updated asset objects reloaded before import = 0Number of asset objects unloaded after import = 2

========================================================================
Received Import Request.
  Time since last request: 0.000026 seconds.
  path: Assets/work/sound/Retro/explosion_small.wav
  artifactKey: Guid(8a8fe512ff2a91c43ba5bae6f0b5413e) Importer(815301076,1909f56bfc062723c751e8b465ee728b)
Start importing Assets/work/sound/Retro/explosion_small.wav using Guid(8a8fe512ff2a91c43ba5bae6f0b5413e) Importer(815301076,1909f56bfc062723c751e8b465ee728b) (PreviewImporter) -> (artifact id: '31ed0923cf690b609b40dfc1db2a12fc') in 0.0053567 seconds
Number of updated asset objects reloaded before import = 0Number of asset objects unloaded after import = 2

========================================================================
Received Import Request.
  Time since last request: 0.000017 seconds.
  path: Assets/work/sound/Retro/explosion_large.wav
  artifactKey: Guid(984fc830592a8cc4a87856f9378ec535) Importer(815301076,1909f56bfc062723c751e8b465ee728b)
Start importing Assets/work/sound/Retro/explosion_large.wav using Guid(984fc830592a8cc4a87856f9378ec535) Importer(815301076,1909f56bfc062723c751e8b465ee728b) (PreviewImporter) -> (artifact id: 'cf32bbe74eafb575e5275b6a6ea0123c') in 0.0052287 seconds
Number of updated asset objects reloaded before import = 0Number of asset objects unloaded after import = 2

========================================================================
Received Import Request.
  Time since last request: 0.000024 seconds.
  path: Assets/work/sound/Retro/fall_quick.wav
  artifactKey: Guid(2e20f12c460fe4e4c993195b5925bde6) Importer(815301076,1909f56bfc062723c751e8b465ee728b)
Start importing Assets/work/sound/Retro/fall_quick.wav using Guid(2e20f12c460fe4e4c993195b5925bde6) Importer(815301076,1909f56bfc062723c751e8b465ee728b) (PreviewImporter) -> (artifact id: '972f202eb708fefac4dd9fb7b34e8dd9') in 0.0055453 seconds
Number of updated asset objects reloaded before import = 0Number of asset objects unloaded after import = 2

========================================================================
Received Import Request.
  Time since last request: 0.000027 seconds.
  path: Assets/work/sound/Retro/coin_4.wav
  artifactKey: Guid(845b77b946bd76b4bbfb70f353c87ce4) Importer(815301076,1909f56bfc062723c751e8b465ee728b)
Start importing Assets/work/sound/Retro/coin_4.wav using Guid(845b77b946bd76b4bbfb70f353c87ce4) Importer(815301076,1909f56bfc062723c751e8b465ee728b) (PreviewImporter) -> (artifact id: '78ff355f1909ff4ade32199902ffe4cc') in 0.1107406 seconds
Number of updated asset objects reloaded before import = 0Number of asset objects unloaded after import = 2

========================================================================
Received Import Request.
  Time since last request: 0.000020 seconds.
  path: Assets/work/sound/Retro/menu_blip.wav
  artifactKey: Guid(b79b1befd36ad1146ba6591df6e4c215) Importer(815301076,1909f56bfc062723c751e8b465ee728b)
Start importing Assets/work/sound/Retro/menu_blip.wav using Guid(b79b1befd36ad1146ba6591df6e4c215) Importer(815301076,1909f56bfc062723c751e8b465ee728b) (PreviewImporter) -> (artifact id: '0393513f9a86a1ff6f5204580478bf9d') in 0.0053583 seconds
Number of updated asset objects reloaded before import = 0Number of asset objects unloaded after import = 2

========================================================================
Received Import Request.
  Time since last request: 0.000025 seconds.
  path: Assets/work/sound/Retro/power_up.wav
  artifactKey: Guid(352196ebce914d74895ae250e49e3ce9) Importer(815301076,1909f56bfc062723c751e8b465ee728b)
Start importing Assets/work/sound/Retro/power_up.wav using Guid(352196ebce914d74895ae250e49e3ce9) Importer(815301076,1909f56bfc062723c751e8b465ee728b) (PreviewImporter) -> (artifact id: 'ea4541b709c1b8a70eea0950e68fa7bf') in 0.0050002 seconds
Number of updated asset objects reloaded before import = 0Number of asset objects unloaded after import = 2

========================================================================
Received Import Request.
  Time since last request: 0.000017 seconds.
  path: Assets/work/sound/Retro/coin_3.wav
  artifactKey: Guid(6d0ac75674e43b243951ea991fc7009e) Importer(815301076,1909f56bfc062723c751e8b465ee728b)
Start importing Assets/work/sound/Retro/coin_3.wav using Guid(6d0ac75674e43b243951ea991fc7009e) Importer(815301076,1909f56bfc062723c751e8b465ee728b) (PreviewImporter) -> (artifact id: 'bc9a20c9e7d7f3505fd5a95c0058e270') in 0.0132507 seconds
Number of updated asset objects reloaded before import = 0Number of asset objects unloaded after import = 2

========================================================================
Received Import Request.
  Time since last request: 0.000022 seconds.
  path: Assets/work/sound/Retro/jump_square.wav
  artifactKey: Guid(3f3e35d793df9eb49adf2dcb41c03256) Importer(815301076,1909f56bfc062723c751e8b465ee728b)
Start importing Assets/work/sound/Retro/jump_square.wav using Guid(3f3e35d793df9eb49adf2dcb41c03256) Importer(815301076,1909f56bfc062723c751e8b465ee728b) (PreviewImporter) -> (artifact id: '3048b5df1acc33f15989d55b3b7479ae') in 0.0145859 seconds
Number of updated asset objects reloaded before import = 0Number of asset objects unloaded after import = 2

========================================================================
Received Import Request.
  Time since last request: 0.000024 seconds.
  path: Assets/work/sound/Retro/hurt.wav
  artifactKey: Guid(ab38c8233f0839a48bcc653569ea8f34) Importer(815301076,1909f56bfc062723c751e8b465ee728b)
Start importing Assets/work/sound/Retro/hurt.wav using Guid(ab38c8233f0839a48bcc653569ea8f34) Importer(815301076,1909f56bfc062723c751e8b465ee728b) (PreviewImporter) -> (artifact id: 'c5ba09bd770345498e6dad326a0fb11a') in 0.0053896 seconds
Number of updated asset objects reloaded before import = 0Number of asset objects unloaded after import = 2

========================================================================
Received Import Request.
  Time since last request: 0.000020 seconds.
  path: Assets/work/sound/Retro/power_up_2.wav
  artifactKey: Guid(2eb24654e10713a4f829acf0585ec888) Importer(815301076,1909f56bfc062723c751e8b465ee728b)
Start importing Assets/work/sound/Retro/power_up_2.wav using Guid(2eb24654e10713a4f829acf0585ec888) Importer(815301076,1909f56bfc062723c751e8b465ee728b) (PreviewImporter) -> (artifact id: '20a336c24cfe79b855720b7c6389f92c') in 0.0102376 seconds
Number of updated asset objects reloaded before import = 0Number of asset objects unloaded after import = 2

========================================================================
Received Import Request.
  Time since last request: 2.997456 seconds.
  path: Assets/work/sound/Weapons
  artifactKey: Guid(3fce05928130cf44fac2d73dc6abb738) Importer(815301076,1909f56bfc062723c751e8b465ee728b)
Start importing Assets/work/sound/Weapons using Guid(3fce05928130cf44fac2d73dc6abb738) Importer(815301076,1909f56bfc062723c751e8b465ee728b) (PreviewImporter) -> (artifact id: '686d7d61dcf029746d2b8989dc07b023') in 0.0006429 seconds
Number of updated asset objects reloaded before import = 0Number of asset objects unloaded after import = 0

========================================================================
Received Import Request.
  Time since last request: 0.000021 seconds.
  path: Assets/work/sound/Weapons/harsh_thud.wav
  artifactKey: Guid(065c7fb9be261ea49908082ccd60d210) Importer(815301076,1909f56bfc062723c751e8b465ee728b)
Start importing Assets/work/sound/Weapons/harsh_thud.wav using Guid(065c7fb9be261ea49908082ccd60d210) Importer(815301076,1909f56bfc062723c751e8b465ee728b) (PreviewImporter) -> (artifact id: '31f450a15057c93cf68778afe26b0dfd') in 0.0590601 seconds
Number of updated asset objects reloaded before import = 0Number of asset objects unloaded after import = 2

========================================================================
Received Import Request.
  Time since last request: 0.000032 seconds.
  path: Assets/work/sound/Weapons/sword_clash_2.wav
  artifactKey: Guid(8cb9b4a9f99b90e46ac18ad6b337b1ad) Importer(815301076,1909f56bfc062723c751e8b465ee728b)
Start importing Assets/work/sound/Weapons/sword_clash_2.wav using Guid(8cb9b4a9f99b90e46ac18ad6b337b1ad) Importer(815301076,1909f56bfc062723c751e8b465ee728b) (PreviewImporter) -> (artifact id: '95dee91f0161eb27150de06233853eb7') in 0.0080225 seconds
Number of updated asset objects reloaded before import = 0Number of asset objects unloaded after import = 2

========================================================================
Received Import Request.
  Time since last request: 0.000016 seconds.
  path: Assets/work/sound/Weapons/weapon_upgrade.wav
  artifactKey: Guid(a1d3eef5a5c80b340af088420aaefa17) Importer(815301076,1909f56bfc062723c751e8b465ee728b)
Start importing Assets/work/sound/Weapons/weapon_upgrade.wav using Guid(a1d3eef5a5c80b340af088420aaefa17) Importer(815301076,1909f56bfc062723c751e8b465ee728b) (PreviewImporter) -> (artifact id: '30e060c432232cf7c3370d7c65d537f2') in 0.0506886 seconds
Number of updated asset objects reloaded before import = 0Number of asset objects unloaded after import = 2

========================================================================
Received Import Request.
  Time since last request: 0.000024 seconds.
  path: Assets/work/sound/Weapons/sword_drop.wav
  artifactKey: Guid(413401232152f7a4c8d20bce0bd073e9) Importer(815301076,1909f56bfc062723c751e8b465ee728b)
Start importing Assets/work/sound/Weapons/sword_drop.wav using Guid(413401232152f7a4c8d20bce0bd073e9) Importer(815301076,1909f56bfc062723c751e8b465ee728b) (PreviewImporter) -> (artifact id: 'afea70fc0b4aeed8e437fe2d41286b46') in 0.0256253 seconds
Number of updated asset objects reloaded before import = 0Number of asset objects unloaded after import = 2

========================================================================
Received Import Request.
  Time since last request: 0.000027 seconds.
  path: Assets/work/sound/Weapons/weapon_drop.wav
  artifactKey: Guid(6e1289bafc37c0d48abb683f3ae32010) Importer(815301076,1909f56bfc062723c751e8b465ee728b)
Start importing Assets/work/sound/Weapons/weapon_drop.wav using Guid(6e1289bafc37c0d48abb683f3ae32010) Importer(815301076,1909f56bfc062723c751e8b465ee728b) (PreviewImporter) -> (artifact id: 'c92f51dcb1ea056bbf14cd2bcf5f341e') in 0.0171619 seconds
Number of updated asset objects reloaded before import = 0Number of asset objects unloaded after import = 2

========================================================================
Received Import Request.
  Time since last request: 516.758128 seconds.
  path: Assets/work/sound/Card and Board
  artifactKey: Guid(f0b5354873c3df54e94d14f03717df66) Importer(815301076,1909f56bfc062723c751e8b465ee728b)
Start importing Assets/work/sound/Card and Board using Guid(f0b5354873c3df54e94d14f03717df66) Importer(815301076,1909f56bfc062723c751e8b465ee728b) (PreviewImporter) -> (artifact id: '94482493e152d97bf80845f16ab0f5f8') in 0.0011875 seconds
Number of updated asset objects reloaded before import = 0Number of asset objects unloaded after import = 0

========================================================================
Received Import Request.
  Time since last request: 0.000026 seconds.
  path: Assets/work/sound/Card and Board/card_draw_1.wav
  artifactKey: Guid(3c1fcd1c77d73234ea564799a8dd12cd) Importer(815301076,1909f56bfc062723c751e8b465ee728b)
Start importing Assets/work/sound/Card and Board/card_draw_1.wav using Guid(3c1fcd1c77d73234ea564799a8dd12cd) Importer(815301076,1909f56bfc062723c751e8b465ee728b) (PreviewImporter) -> (artifact id: 'd6e99cea21989d2eeda277f066526878') in 0.1080695 seconds
Number of updated asset objects reloaded before import = 0Number of asset objects unloaded after import = 2

========================================================================
Received Import Request.
  Time since last request: 0.000030 seconds.
  path: Assets/work/sound/Card and Board/dice_roll_2.wav
  artifactKey: Guid(5470bed7888182040a9c145cf7145bae) Importer(815301076,1909f56bfc062723c751e8b465ee728b)
Start importing Assets/work/sound/Card and Board/dice_roll_2.wav using Guid(5470bed7888182040a9c145cf7145bae) Importer(815301076,1909f56bfc062723c751e8b465ee728b) (PreviewImporter) -> (artifact id: 'aa385c44e96f112d5890ab3a6caba454') in 0.0076669 seconds
Number of updated asset objects reloaded before import = 0Number of asset objects unloaded after import = 2

========================================================================
Received Import Request.
  Time since last request: 0.000019 seconds.
  path: Assets/work/sound/Card and Board/chips_stack.wav
  artifactKey: Guid(d85e60b082e3e054281185b8dde93987) Importer(815301076,1909f56bfc062723c751e8b465ee728b)
Start importing Assets/work/sound/Card and Board/chips_stack.wav using Guid(d85e60b082e3e054281185b8dde93987) Importer(815301076,1909f56bfc062723c751e8b465ee728b) (PreviewImporter) -> (artifact id: '3955ab3c6ba49141d06ecb29e15fb1a8') in 0.0081424 seconds
Number of updated asset objects reloaded before import = 0Number of asset objects unloaded after import = 2

========================================================================
Received Import Request.
  Time since last request: 0.000019 seconds.
  path: Assets/work/sound/Card and Board/chips_in_sack_short.wav
  artifactKey: Guid(f658ed40b00fe9d4d805c4b502ff820c) Importer(815301076,1909f56bfc062723c751e8b465ee728b)
Start importing Assets/work/sound/Card and Board/chips_in_sack_short.wav using Guid(f658ed40b00fe9d4d805c4b502ff820c) Importer(815301076,1909f56bfc062723c751e8b465ee728b) (PreviewImporter) -> (artifact id: '12b210d907e5268adfdd0a85a7c940ae') in 0.0071587 seconds
Number of updated asset objects reloaded before import = 0Number of asset objects unloaded after import = 2

========================================================================
Received Import Request.
  Time since last request: 0.000026 seconds.
  path: Assets/work/sound/Card and Board/chips_gather.wav
  artifactKey: Guid(07d6ee540c838014cbb5cc3e6ab6873e) Importer(815301076,1909f56bfc062723c751e8b465ee728b)
Start importing Assets/work/sound/Card and Board/chips_gather.wav using Guid(07d6ee540c838014cbb5cc3e6ab6873e) Importer(815301076,1909f56bfc062723c751e8b465ee728b) (PreviewImporter) -> (artifact id: 'a1928bdbf056c43c176798662dd06de9') in 0.0069565 seconds
Number of updated asset objects reloaded before import = 0Number of asset objects unloaded after import = 2

========================================================================
Received Import Request.
  Time since last request: 0.000021 seconds.
  path: Assets/work/sound/Card and Board/chips_gather_3.wav
  artifactKey: Guid(edef877278061fc49bc8f2b76668752c) Importer(815301076,1909f56bfc062723c751e8b465ee728b)
Start importing Assets/work/sound/Card and Board/chips_gather_3.wav using Guid(edef877278061fc49bc8f2b76668752c) Importer(815301076,1909f56bfc062723c751e8b465ee728b) (PreviewImporter) -> (artifact id: '0efa4a5fc436e8676a1cdff2f0c91158') in 0.0071475 seconds
Number of updated asset objects reloaded before import = 0Number of asset objects unloaded after import = 2

========================================================================
Received Import Request.
  Time since last request: 0.000023 seconds.
  path: Assets/work/sound/Card and Board/chips_gather_2.wav
  artifactKey: Guid(5adc6296b21cf7d49837dbc608e785ea) Importer(815301076,1909f56bfc062723c751e8b465ee728b)
Start importing Assets/work/sound/Card and Board/chips_gather_2.wav using Guid(5adc6296b21cf7d49837dbc608e785ea) Importer(815301076,1909f56bfc062723c751e8b465ee728b) (PreviewImporter) -> (artifact id: 'c028779f0fa57e8bb54f950cd0158069') in 0.0071138 seconds
Number of updated asset objects reloaded before import = 0Number of asset objects unloaded after import = 2

========================================================================
Received Import Request.
  Time since last request: 0.000030 seconds.
  path: Assets/work/sound/Card and Board/chips_drop.wav
  artifactKey: Guid(db38056efeb6cc84d9302ae318442e2c) Importer(815301076,1909f56bfc062723c751e8b465ee728b)
Start importing Assets/work/sound/Card and Board/chips_drop.wav using Guid(db38056efeb6cc84d9302ae318442e2c) Importer(815301076,1909f56bfc062723c751e8b465ee728b) (PreviewImporter) -> (artifact id: '93ef61074f570a21938830140b788fe0') in 0.0058505 seconds
Number of updated asset objects reloaded before import = 0Number of asset objects unloaded after import = 2

========================================================================
Received Import Request.
  Time since last request: 0.000019 seconds.
  path: Assets/work/sound/Card and Board/chips_stack_2.wav
  artifactKey: Guid(3f5d8a47a63235543a7b4ca65cc7267d) Importer(815301076,1909f56bfc062723c751e8b465ee728b)
Start importing Assets/work/sound/Card and Board/chips_stack_2.wav using Guid(3f5d8a47a63235543a7b4ca65cc7267d) Importer(815301076,1909f56bfc062723c751e8b465ee728b) (PreviewImporter) -> (artifact id: 'c516abf0927f793b416d700ad6ec11d6') in 0.0058738 seconds
Number of updated asset objects reloaded before import = 0Number of asset objects unloaded after import = 2

========================================================================
Received Import Request.
  Time since last request: 0.000019 seconds.
  path: Assets/work/sound/Card and Board/dice_roll_4.wav
  artifactKey: Guid(66ffc643f5483374e9631659b120f30b) Importer(815301076,1909f56bfc062723c751e8b465ee728b)
Start importing Assets/work/sound/Card and Board/dice_roll_4.wav using Guid(66ffc643f5483374e9631659b120f30b) Importer(815301076,1909f56bfc062723c751e8b465ee728b) (PreviewImporter) -> (artifact id: '04bfa26a06f0c1c830c700a47374ad29') in 0.0064046 seconds
Number of updated asset objects reloaded before import = 0Number of asset objects unloaded after import = 2

========================================================================
Received Import Request.
  Time since last request: 0.000027 seconds.
  path: Assets/work/sound/Card and Board/dice_roll_3.wav
  artifactKey: Guid(893c51f2d658953488730a0302af81e8) Importer(815301076,1909f56bfc062723c751e8b465ee728b)
Start importing Assets/work/sound/Card and Board/dice_roll_3.wav using Guid(893c51f2d658953488730a0302af81e8) Importer(815301076,1909f56bfc062723c751e8b465ee728b) (PreviewImporter) -> (artifact id: '7c5b354d721303d431216c53e9bafa47') in 0.006287 seconds
Number of updated asset objects reloaded before import = 0Number of asset objects unloaded after import = 2

========================================================================
Received Import Request.
  Time since last request: 0.000017 seconds.
  path: Assets/work/sound/Card and Board/dice_shake_3.wav
  artifactKey: Guid(3c27675598d8abd4dadb83bd1663e55a) Importer(815301076,1909f56bfc062723c751e8b465ee728b)
Start importing Assets/work/sound/Card and Board/dice_shake_3.wav using Guid(3c27675598d8abd4dadb83bd1663e55a) Importer(815301076,1909f56bfc062723c751e8b465ee728b) (PreviewImporter) -> (artifact id: '093337995a445c5607712c27bc8a43ff') in 0.0050294 seconds
Number of updated asset objects reloaded before import = 0Number of asset objects unloaded after import = 2

========================================================================
Received Import Request.
  Time since last request: 21.307754 seconds.
  path: Assets/work/sound/Human/belch_2.wav
  artifactKey: Guid(ab0a55ded81220c45af363c04d0de97f) Importer(815301076,1909f56bfc062723c751e8b465ee728b)
Start importing Assets/work/sound/Human/belch_2.wav using Guid(ab0a55ded81220c45af363c04d0de97f) Importer(815301076,1909f56bfc062723c751e8b465ee728b) (PreviewImporter) -> (artifact id: 'c73d37f10649e614f5ed0db1bf9106b5') in 0.0067941 seconds
Number of updated asset objects reloaded before import = 0Number of asset objects unloaded after import = 2

========================================================================
Received Import Request.
  Time since last request: 0.000017 seconds.
  path: Assets/work/sound/Human/cough_short.wav
  artifactKey: Guid(3f249da5553fbcb498e22492626044aa) Importer(815301076,1909f56bfc062723c751e8b465ee728b)
Start importing Assets/work/sound/Human/cough_short.wav using Guid(3f249da5553fbcb498e22492626044aa) Importer(815301076,1909f56bfc062723c751e8b465ee728b) (PreviewImporter) -> (artifact id: 'b52c96ecc4234c48fe777ef494a7f94b') in 0.0765399 seconds
Number of updated asset objects reloaded before import = 0Number of asset objects unloaded after import = 2

========================================================================
Received Import Request.
  Time since last request: 0.000018 seconds.
  path: Assets/work/sound/Human/man_10.wav
  artifactKey: Guid(1b7bda99721973a49b9a64b2c6f2823c) Importer(815301076,1909f56bfc062723c751e8b465ee728b)
Start importing Assets/work/sound/Human/man_10.wav using Guid(1b7bda99721973a49b9a64b2c6f2823c) Importer(815301076,1909f56bfc062723c751e8b465ee728b) (PreviewImporter) -> (artifact id: 'fa00281bbdbf36b36b704f778f630a72') in 0.0185799 seconds
Number of updated asset objects reloaded before import = 0Number of asset objects unloaded after import = 2

========================================================================
Received Import Request.
  Time since last request: 0.000030 seconds.
  path: Assets/work/sound/Human/man_2.wav
  artifactKey: Guid(0b90a50729df5d040ba700ceb691970a) Importer(815301076,1909f56bfc062723c751e8b465ee728b)
Start importing Assets/work/sound/Human/man_2.wav using Guid(0b90a50729df5d040ba700ceb691970a) Importer(815301076,1909f56bfc062723c751e8b465ee728b) (PreviewImporter) -> (artifact id: '0c429713a7d61385281298fa609a9e53') in 0.0066541 seconds
Number of updated asset objects reloaded before import = 0Number of asset objects unloaded after import = 2

========================================================================
Received Import Request.
  Time since last request: 0.000018 seconds.
  path: Assets/work/sound/Human/man_3.wav
  artifactKey: Guid(35de3ccfc42492044a09205b9a491d1a) Importer(815301076,1909f56bfc062723c751e8b465ee728b)
Start importing Assets/work/sound/Human/man_3.wav using Guid(35de3ccfc42492044a09205b9a491d1a) Importer(815301076,1909f56bfc062723c751e8b465ee728b) (PreviewImporter) -> (artifact id: '9a78868a9099231e327d691493b324bc') in 0.0296931 seconds
Number of updated asset objects reloaded before import = 0Number of asset objects unloaded after import = 2

========================================================================
Received Import Request.
  Time since last request: 0.000019 seconds.
  path: Assets/work/sound/Human/man_5.wav
  artifactKey: Guid(33744cb46fb931146847cf46f310e26e) Importer(815301076,1909f56bfc062723c751e8b465ee728b)
Start importing Assets/work/sound/Human/man_5.wav using Guid(33744cb46fb931146847cf46f310e26e) Importer(815301076,1909f56bfc062723c751e8b465ee728b) (PreviewImporter) -> (artifact id: '786e9d2bc981fc3da468cc52da527645') in 0.0063702 seconds
Number of updated asset objects reloaded before import = 0Number of asset objects unloaded after import = 2

========================================================================
Received Import Request.
  Time since last request: 48.895034 seconds.
  path: Assets/work/sound/Items/book_close.wav
  artifactKey: Guid(efa90d3aa70f770498cf94be42b15145) Importer(815301076,1909f56bfc062723c751e8b465ee728b)
Start importing Assets/work/sound/Items/book_close.wav using Guid(efa90d3aa70f770498cf94be42b15145) Importer(815301076,1909f56bfc062723c751e8b465ee728b) (PreviewImporter) -> (artifact id: '2e38dca38b0a3639132d1ca1bc926b5e') in 0.0608307 seconds
Number of updated asset objects reloaded before import = 0Number of asset objects unloaded after import = 2

========================================================================
Received Import Request.
  Time since last request: 0.000026 seconds.
  path: Assets/work/sound/Items/broom_sweep_2.wav
  artifactKey: Guid(c944396e2b031014f950bc512ce46735) Importer(815301076,1909f56bfc062723c751e8b465ee728b)
Start importing Assets/work/sound/Items/broom_sweep_2.wav using Guid(c944396e2b031014f950bc512ce46735) Importer(815301076,1909f56bfc062723c751e8b465ee728b) (PreviewImporter) -> (artifact id: '6dfd1c0f54acf447c7f6cc079e4c7fce') in 0.0283155 seconds
Number of updated asset objects reloaded before import = 0Number of asset objects unloaded after import = 2

========================================================================
Received Import Request.
  Time since last request: 0.000037 seconds.
  path: Assets/work/sound/Items/item_equip.wav
  artifactKey: Guid(3277d8c1d64fa1f409295e738e1e2a5a) Importer(815301076,1909f56bfc062723c751e8b465ee728b)
Start importing Assets/work/sound/Items/item_equip.wav using Guid(3277d8c1d64fa1f409295e738e1e2a5a) Importer(815301076,1909f56bfc062723c751e8b465ee728b) (PreviewImporter) -> (artifact id: 'c5c659dc905e99e5db394706bdeb4a41') in 0.0082768 seconds
Number of updated asset objects reloaded before import = 0Number of asset objects unloaded after import = 2

========================================================================
Received Import Request.
  Time since last request: 0.000017 seconds.
  path: Assets/work/sound/Items/jingle_bells_1.wav
  artifactKey: Guid(67177ad7b92c33148b5bed37c72faca0) Importer(815301076,1909f56bfc062723c751e8b465ee728b)
Start importing Assets/work/sound/Items/jingle_bells_1.wav using Guid(67177ad7b92c33148b5bed37c72faca0) Importer(815301076,1909f56bfc062723c751e8b465ee728b) (PreviewImporter) -> (artifact id: 'e59ef24869c49b1184e24890adecc098') in 0.0054407 seconds
Number of updated asset objects reloaded before import = 0Number of asset objects unloaded after import = 2

========================================================================
Received Import Request.
  Time since last request: 0.000016 seconds.
  path: Assets/work/sound/Items/map_open.wav
  artifactKey: Guid(e9498db2601e6ef4681fbe739fd449f9) Importer(815301076,1909f56bfc062723c751e8b465ee728b)
Start importing Assets/work/sound/Items/map_open.wav using Guid(e9498db2601e6ef4681fbe739fd449f9) Importer(815301076,1909f56bfc062723c751e8b465ee728b) (PreviewImporter) -> (artifact id: '4c99609c4101279ec2c16e18da069887') in 0.0062373 seconds
Number of updated asset objects reloaded before import = 0Number of asset objects unloaded after import = 2

========================================================================
Received Import Request.
  Time since last request: 0.000038 seconds.
  path: Assets/work/sound/Items/tennis_ball_bounce_1.wav
  artifactKey: Guid(fc81333618ede1546807336ae118d442) Importer(815301076,1909f56bfc062723c751e8b465ee728b)
Start importing Assets/work/sound/Items/tennis_ball_bounce_1.wav using Guid(fc81333618ede1546807336ae118d442) Importer(815301076,1909f56bfc062723c751e8b465ee728b) (PreviewImporter) -> (artifact id: '3b9286b70368b81426ac00401b76c6cc') in 0.006754 seconds
Number of updated asset objects reloaded before import = 0Number of asset objects unloaded after import = 2

========================================================================
Received Import Request.
  Time since last request: 0.000017 seconds.
  path: Assets/work/sound/Items/broom_sweep_1.wav
  artifactKey: Guid(c2dea4195e410f84ab59393d9488702f) Importer(815301076,1909f56bfc062723c751e8b465ee728b)
Start importing Assets/work/sound/Items/broom_sweep_1.wav using Guid(c2dea4195e410f84ab59393d9488702f) Importer(815301076,1909f56bfc062723c751e8b465ee728b) (PreviewImporter) -> (artifact id: '4e942e44e80adf46ae455516f24c6cf2') in 0.0071267 seconds
Number of updated asset objects reloaded before import = 0Number of asset objects unloaded after import = 2

========================================================================
Received Import Request.
  Time since last request: 0.000018 seconds.
  path: Assets/work/sound/Items/coin_jingle_small.wav
  artifactKey: Guid(685aca5bbb669e2419ccc4d2215e61d2) Importer(815301076,1909f56bfc062723c751e8b465ee728b)
Start importing Assets/work/sound/Items/coin_jingle_small.wav using Guid(685aca5bbb669e2419ccc4d2215e61d2) Importer(815301076,1909f56bfc062723c751e8b465ee728b) (PreviewImporter) -> (artifact id: '40921da2dcca36786621fc747453558f') in 0.0048929 seconds
Number of updated asset objects reloaded before import = 0Number of asset objects unloaded after import = 2

========================================================================
Received Import Request.
  Time since last request: 66.178260 seconds.
  path: Assets/work/sound/UI/click_double_off.wav
  artifactKey: Guid(731125ede9016b143af50c208eedac16) Importer(815301076,1909f56bfc062723c751e8b465ee728b)
Start importing Assets/work/sound/UI/click_double_off.wav using Guid(731125ede9016b143af50c208eedac16) Importer(815301076,1909f56bfc062723c751e8b465ee728b) (PreviewImporter) -> (artifact id: 'b5d29eeda5662b7124e1914a442086e9') in 0.006571 seconds
Number of updated asset objects reloaded before import = 0Number of asset objects unloaded after import = 2

========================================================================
Received Import Request.
  Time since last request: 0.000020 seconds.
  path: Assets/work/sound/UI/synth_process_complete.wav
  artifactKey: Guid(274083e957bbea046928ae0ac18c8a91) Importer(815301076,1909f56bfc062723c751e8b465ee728b)
Start importing Assets/work/sound/UI/synth_process_complete.wav using Guid(274083e957bbea046928ae0ac18c8a91) Importer(815301076,1909f56bfc062723c751e8b465ee728b) (PreviewImporter) -> (artifact id: '4fe0b17f17a8a84864ebfd029c9979a1') in 0.021263 seconds
Number of updated asset objects reloaded before import = 0Number of asset objects unloaded after import = 2

========================================================================
Received Import Request.
  Time since last request: 0.000021 seconds.
  path: Assets/work/sound/UI/sci_fi_error.wav
  artifactKey: Guid(9b692ee7499eace47857b4379cd2d2b3) Importer(815301076,1909f56bfc062723c751e8b465ee728b)
Start importing Assets/work/sound/UI/sci_fi_error.wav using Guid(9b692ee7499eace47857b4379cd2d2b3) Importer(815301076,1909f56bfc062723c751e8b465ee728b) (PreviewImporter) -> (artifact id: 'b06a3c32ecb1d64965c2499bcc3f0f13') in 0.0059878 seconds
Number of updated asset objects reloaded before import = 0Number of asset objects unloaded after import = 2

========================================================================
Received Import Request.
  Time since last request: 0.000025 seconds.
  path: Assets/work/sound/UI/sci_fi_hover.wav
  artifactKey: Guid(0aeee6e94f569194ba1b9eff355d09f9) Importer(815301076,1909f56bfc062723c751e8b465ee728b)
Start importing Assets/work/sound/UI/sci_fi_hover.wav using Guid(0aeee6e94f569194ba1b9eff355d09f9) Importer(815301076,1909f56bfc062723c751e8b465ee728b) (PreviewImporter) -> (artifact id: 'ffe702bfcee08d09fda12e32700e1a54') in 0.0072501 seconds
Number of updated asset objects reloaded before import = 0Number of asset objects unloaded after import = 2

========================================================================
Received Import Request.
  Time since last request: 0.000022 seconds.
  path: Assets/work/sound/UI/select_3.wav
  artifactKey: Guid(c19c03dfd0964d24caffcfe8f93feecb) Importer(815301076,1909f56bfc062723c751e8b465ee728b)
Start importing Assets/work/sound/UI/select_3.wav using Guid(c19c03dfd0964d24caffcfe8f93feecb) Importer(815301076,1909f56bfc062723c751e8b465ee728b) (PreviewImporter) -> (artifact id: '527dbfa49e8782414d7cf101f48a909e') in 0.0062141 seconds
Number of updated asset objects reloaded before import = 0Number of asset objects unloaded after import = 2

========================================================================
Received Import Request.
  Time since last request: 0.000017 seconds.
  path: Assets/work/sound/UI/click_double_on.wav
  artifactKey: Guid(2cbf6e0a6b7b050488da7b109ae7660e) Importer(815301076,1909f56bfc062723c751e8b465ee728b)
Start importing Assets/work/sound/UI/click_double_on.wav using Guid(2cbf6e0a6b7b050488da7b109ae7660e) Importer(815301076,1909f56bfc062723c751e8b465ee728b) (PreviewImporter) -> (artifact id: 'e1475a070f1c5fec7e36685f14e108a7') in 0.0358921 seconds
Number of updated asset objects reloaded before import = 0Number of asset objects unloaded after import = 2

========================================================================
Received Import Request.
  Time since last request: 0.000053 seconds.
  path: Assets/work/sound/UI/click_double_on_2.wav
  artifactKey: Guid(8300191ea8f153446b5e02249af0e8c1) Importer(815301076,1909f56bfc062723c751e8b465ee728b)
Start importing Assets/work/sound/UI/click_double_on_2.wav using Guid(8300191ea8f153446b5e02249af0e8c1) Importer(815301076,1909f56bfc062723c751e8b465ee728b) (PreviewImporter) -> (artifact id: 'e16443c1c16be559e1e5525be315b50c') in 0.0053826 seconds
Number of updated asset objects reloaded before import = 0Number of asset objects unloaded after import = 2

========================================================================
Received Import Request.
  Time since last request: 0.000017 seconds.
  path: Assets/work/sound/UI/pop_3.wav
  artifactKey: Guid(5698f02786c0df642a85feb497464697) Importer(815301076,1909f56bfc062723c751e8b465ee728b)
Start importing Assets/work/sound/UI/pop_3.wav using Guid(5698f02786c0df642a85feb497464697) Importer(815301076,1909f56bfc062723c751e8b465ee728b) (PreviewImporter) -> (artifact id: '52ae80761b98354570d512d08827180f') in 0.0060913 seconds
Number of updated asset objects reloaded before import = 0Number of asset objects unloaded after import = 2

========================================================================
Received Import Request.
  Time since last request: 0.000029 seconds.
  path: Assets/work/sound/UI/toggle_off.wav
  artifactKey: Guid(af569d69165ae5840b01bbea4e42a6f4) Importer(815301076,1909f56bfc062723c751e8b465ee728b)
Start importing Assets/work/sound/UI/toggle_off.wav using Guid(af569d69165ae5840b01bbea4e42a6f4) Importer(815301076,1909f56bfc062723c751e8b465ee728b) (PreviewImporter) -> (artifact id: '662146e15ad6fcc3fe69d4f01abb1954') in 0.0062458 seconds
Number of updated asset objects reloaded before import = 0Number of asset objects unloaded after import = 2

========================================================================
Received Import Request.
  Time since last request: 0.000025 seconds.
  path: Assets/work/sound/UI/select_4.wav
  artifactKey: Guid(af138aa45e181f34c912b07311056e78) Importer(815301076,1909f56bfc062723c751e8b465ee728b)
Start importing Assets/work/sound/UI/select_4.wav using Guid(af138aa45e181f34c912b07311056e78) Importer(815301076,1909f56bfc062723c751e8b465ee728b) (PreviewImporter) -> (artifact id: '1b7456b038f10948b3d81cd118f59fa0') in 0.0053325 seconds
Number of updated asset objects reloaded before import = 0Number of asset objects unloaded after import = 2

========================================================================
Received Import Request.
  Time since last request: 0.000019 seconds.
  path: Assets/work/sound/UI/synth_shut_down.wav
  artifactKey: Guid(72cbefc53adbb4e46ad65893d6a7e912) Importer(815301076,1909f56bfc062723c751e8b465ee728b)
Start importing Assets/work/sound/UI/synth_shut_down.wav using Guid(72cbefc53adbb4e46ad65893d6a7e912) Importer(815301076,1909f56bfc062723c751e8b465ee728b) (PreviewImporter) -> (artifact id: 'fb629b42399d424e9b55ea37bd6ee307') in 0.0054316 seconds
Number of updated asset objects reloaded before import = 0Number of asset objects unloaded after import = 2

========================================================================
Received Import Request.
  Time since last request: 0.000028 seconds.
  path: Assets/work/sound/UI/click_double_off_2.wav
  artifactKey: Guid(8b701dcd9b93d574f934078bb4eabc85) Importer(815301076,1909f56bfc062723c751e8b465ee728b)
Start importing Assets/work/sound/UI/click_double_off_2.wav using Guid(8b701dcd9b93d574f934078bb4eabc85) Importer(815301076,1909f56bfc062723c751e8b465ee728b) (PreviewImporter) -> (artifact id: 'afa9f269a5c589cf0874ecad7d140f8a') in 0.0053363 seconds
Number of updated asset objects reloaded before import = 0Number of asset objects unloaded after import = 2

========================================================================
Received Import Request.
  Time since last request: 0.000038 seconds.
  path: Assets/work/sound/UI/synth_warning.wav
  artifactKey: Guid(9109248a48aca1345b0877de3e1dab6b) Importer(815301076,1909f56bfc062723c751e8b465ee728b)
Start importing Assets/work/sound/UI/synth_warning.wav using Guid(9109248a48aca1345b0877de3e1dab6b) Importer(815301076,1909f56bfc062723c751e8b465ee728b) (PreviewImporter) -> (artifact id: 'f1c25b2107004c6a7cb4baad99bc5499') in 0.0050291 seconds
Number of updated asset objects reloaded before import = 0Number of asset objects unloaded after import = 2

========================================================================
Received Import Request.
  Time since last request: 0.000017 seconds.
  path: Assets/work/sound/UI/sci_fi_hover_high.wav
  artifactKey: Guid(d1001400afe4638498362d358dcf3c30) Importer(815301076,1909f56bfc062723c751e8b465ee728b)
Start importing Assets/work/sound/UI/sci_fi_hover_high.wav using Guid(d1001400afe4638498362d358dcf3c30) Importer(815301076,1909f56bfc062723c751e8b465ee728b) (PreviewImporter) -> (artifact id: 'c54e696653e5a63efa81ec8f3edb2d5a') in 0.0058006 seconds
Number of updated asset objects reloaded before import = 0Number of asset objects unloaded after import = 2

========================================================================
Received Import Request.
  Time since last request: 0.000021 seconds.
  path: Assets/work/sound/UI/sci_fi_disallow.wav
  artifactKey: Guid(4483200ce64f7d7459a5c9ac1aad6f2a) Importer(815301076,1909f56bfc062723c751e8b465ee728b)
Start importing Assets/work/sound/UI/sci_fi_disallow.wav using Guid(4483200ce64f7d7459a5c9ac1aad6f2a) Importer(815301076,1909f56bfc062723c751e8b465ee728b) (PreviewImporter) -> (artifact id: '6d1aad62beb53b8f38d0da80b37d5c75') in 0.0053238 seconds
Number of updated asset objects reloaded before import = 0Number of asset objects unloaded after import = 2

========================================================================
Received Import Request.
  Time since last request: 0.000023 seconds.
  path: Assets/work/sound/UI/select_1.wav
  artifactKey: Guid(4ce65d62b99cdad4bbd5d147455d4e90) Importer(815301076,1909f56bfc062723c751e8b465ee728b)
Start importing Assets/work/sound/UI/select_1.wav using Guid(4ce65d62b99cdad4bbd5d147455d4e90) Importer(815301076,1909f56bfc062723c751e8b465ee728b) (PreviewImporter) -> (artifact id: '48bcdfdc3c9b2d286d38e14192d33767') in 0.005372 seconds
Number of updated asset objects reloaded before import = 0Number of asset objects unloaded after import = 2

========================================================================
Received Import Request.
  Time since last request: 6.944358 seconds.
  path: Assets/work/sound/Materials/aluminium_can_place.wav
  artifactKey: Guid(eabfeb9c9e2e69944afa4e99bf85c3c9) Importer(815301076,1909f56bfc062723c751e8b465ee728b)
Start importing Assets/work/sound/Materials/aluminium_can_place.wav using Guid(eabfeb9c9e2e69944afa4e99bf85c3c9) Importer(815301076,1909f56bfc062723c751e8b465ee728b) (PreviewImporter) -> (artifact id: 'c67b40de3c85877abacb08cfacf9df6e') in 0.0427571 seconds
Number of updated asset objects reloaded before import = 0Number of asset objects unloaded after import = 2

========================================================================
Received Import Request.
  Time since last request: 0.000021 seconds.
  path: Assets/work/sound/Materials/glass_ping_big.wav
  artifactKey: Guid(40f5236a2e9c0984998c82b731e03def) Importer(815301076,1909f56bfc062723c751e8b465ee728b)
Start importing Assets/work/sound/Materials/glass_ping_big.wav using Guid(40f5236a2e9c0984998c82b731e03def) Importer(815301076,1909f56bfc062723c751e8b465ee728b) (PreviewImporter) -> (artifact id: '1c5ba50e25887d611aa535c1e4371c8c') in 0.010346 seconds
Number of updated asset objects reloaded before import = 0Number of asset objects unloaded after import = 2

========================================================================
Received Import Request.
  Time since last request: 0.000028 seconds.
  path: Assets/work/sound/Materials/wood_small_pickup.wav
  artifactKey: Guid(56a002c067b2e914994f426380c17579) Importer(815301076,1909f56bfc062723c751e8b465ee728b)
Start importing Assets/work/sound/Materials/wood_small_pickup.wav using Guid(56a002c067b2e914994f426380c17579) Importer(815301076,1909f56bfc062723c751e8b465ee728b) (PreviewImporter) -> (artifact id: '25cfa4ca368527b1aeb8bc6b04cddaf8') in 0.0056016 seconds
Number of updated asset objects reloaded before import = 0Number of asset objects unloaded after import = 2

========================================================================
Received Import Request.
  Time since last request: 0.000022 seconds.
  path: Assets/work/sound/Materials/ceramic_jar_close.wav
  artifactKey: Guid(7bf1b392ac360f140bf6503b5c004d7e) Importer(815301076,1909f56bfc062723c751e8b465ee728b)
Start importing Assets/work/sound/Materials/ceramic_jar_close.wav using Guid(7bf1b392ac360f140bf6503b5c004d7e) Importer(815301076,1909f56bfc062723c751e8b465ee728b) (PreviewImporter) -> (artifact id: 'cbe6b7a5311303d1dae86e0da5bbcbd6') in 0.0347007 seconds
Number of updated asset objects reloaded before import = 0Number of asset objects unloaded after import = 2

========================================================================
Received Import Request.
  Time since last request: 0.000017 seconds.
  path: Assets/work/sound/Materials/clothing_1.wav
  artifactKey: Guid(f1dfd8c68a6552348afc321b99f6d0b7) Importer(815301076,1909f56bfc062723c751e8b465ee728b)
Start importing Assets/work/sound/Materials/clothing_1.wav using Guid(f1dfd8c68a6552348afc321b99f6d0b7) Importer(815301076,1909f56bfc062723c751e8b465ee728b) (PreviewImporter) -> (artifact id: '5ef020208f77fe33cc6f466cb2d0c95d') in 0.0150752 seconds
Number of updated asset objects reloaded before import = 0Number of asset objects unloaded after import = 2

========================================================================
Received Import Request.
  Time since last request: 0.000029 seconds.
  path: Assets/work/sound/Materials/cork_stabbed.wav
  artifactKey: Guid(f8a7f5e99bf00484faf03f4c15fab48e) Importer(815301076,1909f56bfc062723c751e8b465ee728b)
Start importing Assets/work/sound/Materials/cork_stabbed.wav using Guid(f8a7f5e99bf00484faf03f4c15fab48e) Importer(815301076,1909f56bfc062723c751e8b465ee728b) (PreviewImporter) -> (artifact id: 'a10a57e6b90a14b89fcb2a3d1b10285c') in 0.0189173 seconds
Number of updated asset objects reloaded before import = 0Number of asset objects unloaded after import = 2

========================================================================
Received Import Request.
  Time since last request: 0.000016 seconds.
  path: Assets/work/sound/Materials/cardboard_hit.wav
  artifactKey: Guid(49e85abc3c66750449b3208df4e88732) Importer(815301076,1909f56bfc062723c751e8b465ee728b)
Start importing Assets/work/sound/Materials/cardboard_hit.wav using Guid(49e85abc3c66750449b3208df4e88732) Importer(815301076,1909f56bfc062723c751e8b465ee728b) (PreviewImporter) -> (artifact id: '5455bc88341cfed6bf2882af5f47ae78') in 0.0056442 seconds
Number of updated asset objects reloaded before import = 0Number of asset objects unloaded after import = 2

========================================================================
Received Import Request.
  Time since last request: 0.000028 seconds.
  path: Assets/work/sound/Materials/wood_small_gather.wav
  artifactKey: Guid(2309b94d6475a914fb0628f511f67508) Importer(815301076,1909f56bfc062723c751e8b465ee728b)
Start importing Assets/work/sound/Materials/wood_small_gather.wav using Guid(2309b94d6475a914fb0628f511f67508) Importer(815301076,1909f56bfc062723c751e8b465ee728b) (PreviewImporter) -> (artifact id: 'c6e35d2c22a694b304b100227e4379fb') in 0.0350917 seconds
Number of updated asset objects reloaded before import = 0Number of asset objects unloaded after import = 2

========================================================================
Received Import Request.
  Time since last request: 0.000017 seconds.
  path: Assets/work/sound/Materials/stone_push_short.wav
  artifactKey: Guid(674c2a5dfab17f340addcf03048c9e9f) Importer(815301076,1909f56bfc062723c751e8b465ee728b)
Start importing Assets/work/sound/Materials/stone_push_short.wav using Guid(674c2a5dfab17f340addcf03048c9e9f) Importer(815301076,1909f56bfc062723c751e8b465ee728b) (PreviewImporter) -> (artifact id: '020480b05916dc0809b2df83761f0837') in 0.0353947 seconds
Number of updated asset objects reloaded before import = 0Number of asset objects unloaded after import = 2

========================================================================
Received Import Request.
  Time since last request: 0.000023 seconds.
  path: Assets/work/sound/Materials/concrete_scrape.wav
  artifactKey: Guid(88cffdfabf21b6e44a72e433d36c29b1) Importer(815301076,1909f56bfc062723c751e8b465ee728b)
Start importing Assets/work/sound/Materials/concrete_scrape.wav using Guid(88cffdfabf21b6e44a72e433d36c29b1) Importer(815301076,1909f56bfc062723c751e8b465ee728b) (PreviewImporter) -> (artifact id: '7811e8cfab90a0c232b89a50e1ebd949') in 0.0200934 seconds
Number of updated asset objects reloaded before import = 0Number of asset objects unloaded after import = 2

========================================================================
Received Import Request.
  Time since last request: 0.000016 seconds.
  path: Assets/work/sound/Materials/stone_push_medium.wav
  artifactKey: Guid(7978224328071884aa0e7b6fa7d98c65) Importer(815301076,1909f56bfc062723c751e8b465ee728b)
Start importing Assets/work/sound/Materials/stone_push_medium.wav using Guid(7978224328071884aa0e7b6fa7d98c65) Importer(815301076,1909f56bfc062723c751e8b465ee728b) (PreviewImporter) -> (artifact id: '757d68ad72f5f7c75bdbb500a1c6be58') in 0.0133652 seconds
Number of updated asset objects reloaded before import = 0Number of asset objects unloaded after import = 2

========================================================================
Received Import Request.
  Time since last request: 33.985713 seconds.
  path: Assets/work/sound/Match Three/match_synth_2.wav
  artifactKey: Guid(35034378a7e8fe140b65d1d0eded35c0) Importer(815301076,1909f56bfc062723c751e8b465ee728b)
Start importing Assets/work/sound/Match Three/match_synth_2.wav using Guid(35034378a7e8fe140b65d1d0eded35c0) Importer(815301076,1909f56bfc062723c751e8b465ee728b) (PreviewImporter) -> (artifact id: '8cd29bd7880ea17ae8ecdde9c74aeb13') in 0.0364402 seconds
Number of updated asset objects reloaded before import = 0Number of asset objects unloaded after import = 2

========================================================================
Received Import Request.
  Time since last request: 0.000024 seconds.
  path: Assets/work/sound/Match Three/match_xylophone_2.wav
  artifactKey: Guid(3093e3974a44272448e077adfeffe410) Importer(815301076,1909f56bfc062723c751e8b465ee728b)
Start importing Assets/work/sound/Match Three/match_xylophone_2.wav using Guid(3093e3974a44272448e077adfeffe410) Importer(815301076,1909f56bfc062723c751e8b465ee728b) (PreviewImporter) -> (artifact id: '91e816c221ca26b247061b8771a5ac9e') in 0.0985437 seconds
Number of updated asset objects reloaded before import = 0Number of asset objects unloaded after import = 2

========================================================================
Received Import Request.
  Time since last request: 0.000028 seconds.
  path: Assets/work/sound/Match Three/match_xylophone_4.wav
  artifactKey: Guid(e84098d246d527a40ba2962ba2318a99) Importer(815301076,1909f56bfc062723c751e8b465ee728b)
Start importing Assets/work/sound/Match Three/match_xylophone_4.wav using Guid(e84098d246d527a40ba2962ba2318a99) Importer(815301076,1909f56bfc062723c751e8b465ee728b) (PreviewImporter) -> (artifact id: '68c5b84353b1cc130fb44de736b7fb01') in 0.0188544 seconds
Number of updated asset objects reloaded before import = 0Number of asset objects unloaded after import = 2

========================================================================
Received Import Request.
  Time since last request: 0.000016 seconds.
  path: Assets/work/sound/Match Three/match_xylophone_1.wav
  artifactKey: Guid(c6b4f8be4f69f494eaae035cc5aba4a4) Importer(815301076,1909f56bfc062723c751e8b465ee728b)
Start importing Assets/work/sound/Match Three/match_xylophone_1.wav using Guid(c6b4f8be4f69f494eaae035cc5aba4a4) Importer(815301076,1909f56bfc062723c751e8b465ee728b) (PreviewImporter) -> (artifact id: '56e27f375f38cc09c9522b24ea5cb267') in 0.0061595 seconds
Number of updated asset objects reloaded before import = 0Number of asset objects unloaded after import = 2

========================================================================
Received Import Request.
  Time since last request: 0.000019 seconds.
  path: Assets/work/sound/Match Three/match_synth_7.wav
  artifactKey: Guid(a498c0ce7e99c1f46977fccb5021af55) Importer(815301076,1909f56bfc062723c751e8b465ee728b)
Start importing Assets/work/sound/Match Three/match_synth_7.wav using Guid(a498c0ce7e99c1f46977fccb5021af55) Importer(815301076,1909f56bfc062723c751e8b465ee728b) (PreviewImporter) -> (artifact id: 'aa5f90c9d413c4f827dedc8b9ef70012') in 0.0064748 seconds
Number of updated asset objects reloaded before import = 0Number of asset objects unloaded after import = 2

========================================================================
Received Import Request.
  Time since last request: 0.000023 seconds.
  path: Assets/work/sound/Match Three/match_synth_4.wav
  artifactKey: Guid(fbea7b5e61c442c4393a4a412bf487ed) Importer(815301076,1909f56bfc062723c751e8b465ee728b)
Start importing Assets/work/sound/Match Three/match_synth_4.wav using Guid(fbea7b5e61c442c4393a4a412bf487ed) Importer(815301076,1909f56bfc062723c751e8b465ee728b) (PreviewImporter) -> (artifact id: '95769c5256c81bb7f27db7bbd4ca80b4') in 0.0155442 seconds
Number of updated asset objects reloaded before import = 0Number of asset objects unloaded after import = 2

========================================================================
Received Import Request.
  Time since last request: 33.784363 seconds.
  path: Assets/work/sound/Combat and Gore/crunch.wav
  artifactKey: Guid(d59d52fe697cc2648862089110c95a99) Importer(815301076,1909f56bfc062723c751e8b465ee728b)
Start importing Assets/work/sound/Combat and Gore/crunch.wav using Guid(d59d52fe697cc2648862089110c95a99) Importer(815301076,1909f56bfc062723c751e8b465ee728b) (PreviewImporter) -> (artifact id: '7765d370292c7afdd098da52c15ecb6c') in 0.0654294 seconds
Number of updated asset objects reloaded before import = 0Number of asset objects unloaded after import = 2

========================================================================
Received Import Request.
  Time since last request: 0.000040 seconds.
  path: Assets/work/sound/Combat and Gore/punch_2.wav
  artifactKey: Guid(68304df12197ea0478c319bc10743eb6) Importer(815301076,1909f56bfc062723c751e8b465ee728b)
Start importing Assets/work/sound/Combat and Gore/punch_2.wav using Guid(68304df12197ea0478c319bc10743eb6) Importer(815301076,1909f56bfc062723c751e8b465ee728b) (PreviewImporter) -> (artifact id: '136105f9ddc7606622cff0e79d2bdd8a') in 0.1265706 seconds
Number of updated asset objects reloaded before import = 0Number of asset objects unloaded after import = 2

========================================================================
Received Import Request.
  Time since last request: 0.000024 seconds.
  path: Assets/work/sound/Combat and Gore/squelching_2.wav
  artifactKey: Guid(fd5abad907a51ae41b2c3f515329fa51) Importer(815301076,1909f56bfc062723c751e8b465ee728b)
Start importing Assets/work/sound/Combat and Gore/squelching_2.wav using Guid(fd5abad907a51ae41b2c3f515329fa51) Importer(815301076,1909f56bfc062723c751e8b465ee728b) (PreviewImporter) -> (artifact id: '2cab3bd14e74c8b2fad86eb063a43820') in 0.0068651 seconds
Number of updated asset objects reloaded before import = 0Number of asset objects unloaded after import = 2

========================================================================
Received Import Request.
  Time since last request: 0.000018 seconds.
  path: Assets/work/sound/Combat and Gore/splat_double_quick.wav
  artifactKey: Guid(0ea0b8c03fe3f5948b4e388c89162a0f) Importer(815301076,1909f56bfc062723c751e8b465ee728b)
Start importing Assets/work/sound/Combat and Gore/splat_double_quick.wav using Guid(0ea0b8c03fe3f5948b4e388c89162a0f) Importer(815301076,1909f56bfc062723c751e8b465ee728b) (PreviewImporter) -> (artifact id: '60b09a134b8abff9035973f006ffd0ea') in 0.0186628 seconds
Number of updated asset objects reloaded before import = 0Number of asset objects unloaded after import = 2

========================================================================
Received Import Request.
  Time since last request: 0.000018 seconds.
  path: Assets/work/sound/Combat and Gore/kick.wav
  artifactKey: Guid(a1e26a947bf1a2a4a8469acfc4aa8550) Importer(815301076,1909f56bfc062723c751e8b465ee728b)
Start importing Assets/work/sound/Combat and Gore/kick.wav using Guid(a1e26a947bf1a2a4a8469acfc4aa8550) Importer(815301076,1909f56bfc062723c751e8b465ee728b) (PreviewImporter) -> (artifact id: '9f0440c25fbf0bc534938a426515c40b') in 0.0060753 seconds
Number of updated asset objects reloaded before import = 0Number of asset objects unloaded after import = 2

========================================================================
Received Import Request.
  Time since last request: 0.000025 seconds.
  path: Assets/work/sound/Combat and Gore/splat_quick.wav
  artifactKey: Guid(bba89b59fed488a4b8cf1b5be4f70916) Importer(815301076,1909f56bfc062723c751e8b465ee728b)
Start importing Assets/work/sound/Combat and Gore/splat_quick.wav using Guid(bba89b59fed488a4b8cf1b5be4f70916) Importer(815301076,1909f56bfc062723c751e8b465ee728b) (PreviewImporter) -> (artifact id: '95f55d57f902d22382dfc4be9df59a70') in 0.0052035 seconds
Number of updated asset objects reloaded before import = 0Number of asset objects unloaded after import = 2

========================================================================
Received Import Request.
  Time since last request: 40.167316 seconds.
  path: Assets/work/sound/Footsteps/foley_footstep_carpet_1.wav
  artifactKey: Guid(d1df063e7d2457b4e854a466bf4f4d1a) Importer(815301076,1909f56bfc062723c751e8b465ee728b)
Start importing Assets/work/sound/Footsteps/foley_footstep_carpet_1.wav using Guid(d1df063e7d2457b4e854a466bf4f4d1a) Importer(815301076,1909f56bfc062723c751e8b465ee728b) (PreviewImporter) -> (artifact id: 'b70fba15e35de44d4fdabf968ae36541') in 0.0080864 seconds
Number of updated asset objects reloaded before import = 0Number of asset objects unloaded after import = 2

========================================================================
Received Import Request.
  Time since last request: 0.000022 seconds.
  path: Assets/work/sound/Footsteps/foley_footstep_concrete_1.wav
  artifactKey: Guid(e46b90a70747fb6449e636f73fe1d5e1) Importer(815301076,1909f56bfc062723c751e8b465ee728b)
Start importing Assets/work/sound/Footsteps/foley_footstep_concrete_1.wav using Guid(e46b90a70747fb6449e636f73fe1d5e1) Importer(815301076,1909f56bfc062723c751e8b465ee728b) (PreviewImporter) -> (artifact id: '2cc2bdcc00177003e31e07acfa34928d') in 0.0209563 seconds
Number of updated asset objects reloaded before import = 0Number of asset objects unloaded after import = 2

========================================================================
Received Import Request.
  Time since last request: 0.000023 seconds.
  path: Assets/work/sound/Footsteps/foley_footstep_carpet_4.wav
  artifactKey: Guid(eddaebc248663c24dad75b95ae6f40fe) Importer(815301076,1909f56bfc062723c751e8b465ee728b)
Start importing Assets/work/sound/Footsteps/foley_footstep_carpet_4.wav using Guid(eddaebc248663c24dad75b95ae6f40fe) Importer(815301076,1909f56bfc062723c751e8b465ee728b) (PreviewImporter) -> (artifact id: 'f579878d3f51e0ab225ecd9da31fd8d1') in 0.0060205 seconds
Number of updated asset objects reloaded before import = 0Number of asset objects unloaded after import = 2

========================================================================
Received Import Request.
  Time since last request: 0.000023 seconds.
  path: Assets/work/sound/Footsteps/foley_footstep_vinyl_1.wav
  artifactKey: Guid(079a600c6ab4c3c4d87c0aad17af7510) Importer(815301076,1909f56bfc062723c751e8b465ee728b)
Start importing Assets/work/sound/Footsteps/foley_footstep_vinyl_1.wav using Guid(079a600c6ab4c3c4d87c0aad17af7510) Importer(815301076,1909f56bfc062723c751e8b465ee728b) (PreviewImporter) -> (artifact id: '6b11bb2802cb1802e4b718fd8d77a75d') in 0.0073735 seconds
Number of updated asset objects reloaded before import = 0Number of asset objects unloaded after import = 2

========================================================================
Received Import Request.
  Time since last request: 0.000015 seconds.
  path: Assets/work/sound/Footsteps/foley_footstep_concrete_3.wav
  artifactKey: Guid(e7cb1e46f87e12c4f9017653ebae8e1c) Importer(815301076,1909f56bfc062723c751e8b465ee728b)
Start importing Assets/work/sound/Footsteps/foley_footstep_concrete_3.wav using Guid(e7cb1e46f87e12c4f9017653ebae8e1c) Importer(815301076,1909f56bfc062723c751e8b465ee728b) (PreviewImporter) -> (artifact id: '94b67925d687558ddab9915e18a071e1') in 0.0064233 seconds
Number of updated asset objects reloaded before import = 0Number of asset objects unloaded after import = 2

========================================================================
Received Import Request.
  Time since last request: 1.217012 seconds.
  path: Assets/work/sound/Footsteps/digital/digital_footstep_grass_2.wav
  artifactKey: Guid(f84342de21ad1414daf542eb24782b42) Importer(815301076,1909f56bfc062723c751e8b465ee728b)
Start importing Assets/work/sound/Footsteps/digital/digital_footstep_grass_2.wav using Guid(f84342de21ad1414daf542eb24782b42) Importer(815301076,1909f56bfc062723c751e8b465ee728b) (PreviewImporter) -> (artifact id: '57204d1848f2e2b932d910fdcfc54cdf') in 0.0282659 seconds
Number of updated asset objects reloaded before import = 0Number of asset objects unloaded after import = 2

========================================================================
Received Import Request.
  Time since last request: 0.000022 seconds.
  path: Assets/work/sound/Footsteps/digital/digital_footstep_snow_3.wav
  artifactKey: Guid(6b5f0a054ed0b824ea1d729dc5b9657f) Importer(815301076,1909f56bfc062723c751e8b465ee728b)
Start importing Assets/work/sound/Footsteps/digital/digital_footstep_snow_3.wav using Guid(6b5f0a054ed0b824ea1d729dc5b9657f) Importer(815301076,1909f56bfc062723c751e8b465ee728b) (PreviewImporter) -> (artifact id: 'a26167ad01f174672eb30ca5cf437b9e') in 0.0669847 seconds
Number of updated asset objects reloaded before import = 0Number of asset objects unloaded after import = 2

========================================================================
Received Import Request.
  Time since last request: 0.000023 seconds.
  path: Assets/work/sound/Footsteps/digital/digital_footstep_snow_4.wav
  artifactKey: Guid(f9adfb3bc3c80ea4eb963d685429f866) Importer(815301076,1909f56bfc062723c751e8b465ee728b)
Start importing Assets/work/sound/Footsteps/digital/digital_footstep_snow_4.wav using Guid(f9adfb3bc3c80ea4eb963d685429f866) Importer(815301076,1909f56bfc062723c751e8b465ee728b) (PreviewImporter) -> (artifact id: '160116c5c7cc7ac3b00190a604cf94c1') in 0.0645013 seconds
Number of updated asset objects reloaded before import = 0Number of asset objects unloaded after import = 2

========================================================================
Received Import Request.
  Time since last request: 0.000015 seconds.
  path: Assets/work/sound/Footsteps/digital/digital_footstep_wood_3.wav
  artifactKey: Guid(c7dcfd238571fe54ea54f984020ec8b1) Importer(815301076,1909f56bfc062723c751e8b465ee728b)
Start importing Assets/work/sound/Footsteps/digital/digital_footstep_wood_3.wav using Guid(c7dcfd238571fe54ea54f984020ec8b1) Importer(815301076,1909f56bfc062723c751e8b465ee728b) (PreviewImporter) -> (artifact id: '2489aa2cc7afbe03a63abdea4942c6ca') in 0.0066598 seconds
Number of updated asset objects reloaded before import = 0Number of asset objects unloaded after import = 2

========================================================================
Received Import Request.
  Time since last request: 0.000026 seconds.
  path: Assets/work/sound/Footsteps/digital/digital_footstep_snow_2.wav
  artifactKey: Guid(ad24e338716c241478a4f2e4e81a4eff) Importer(815301076,1909f56bfc062723c751e8b465ee728b)
Start importing Assets/work/sound/Footsteps/digital/digital_footstep_snow_2.wav using Guid(ad24e338716c241478a4f2e4e81a4eff) Importer(815301076,1909f56bfc062723c751e8b465ee728b) (PreviewImporter) -> (artifact id: 'a42e652091b7255022d7b1fad02524f8') in 0.0065061 seconds
Number of updated asset objects reloaded before import = 0Number of asset objects unloaded after import = 2

========================================================================
Received Import Request.
  Time since last request: 0.000015 seconds.
  path: Assets/work/sound/Footsteps/digital/digital_footstep_gravel_3.wav
  artifactKey: Guid(a6f3e3a7266769247965244787693ccf) Importer(815301076,1909f56bfc062723c751e8b465ee728b)
Start importing Assets/work/sound/Footsteps/digital/digital_footstep_gravel_3.wav using Guid(a6f3e3a7266769247965244787693ccf) Importer(815301076,1909f56bfc062723c751e8b465ee728b) (PreviewImporter) -> (artifact id: '3e9862c7142c2b027126944ec6c7c5f9') in 0.0049944 seconds
Number of updated asset objects reloaded before import = 0Number of asset objects unloaded after import = 2

========================================================================
Received Import Request.
  Time since last request: 10.234932 seconds.
  path: Assets/work/sound/Other/controller_button_press.wav
  artifactKey: Guid(60e3762a9f30c9249b10b7c63071e499) Importer(815301076,1909f56bfc062723c751e8b465ee728b)
Start importing Assets/work/sound/Other/controller_button_press.wav using Guid(60e3762a9f30c9249b10b7c63071e499) Importer(815301076,1909f56bfc062723c751e8b465ee728b) (PreviewImporter) -> (artifact id: 'db5ab877f134f9a5f888d9cc87fc9e2d') in 0.0069052 seconds
Number of updated asset objects reloaded before import = 0Number of asset objects unloaded after import = 2

========================================================================
Received Import Request.
  Time since last request: 0.000025 seconds.
  path: Assets/work/sound/Other/slide_and_click.wav
  artifactKey: Guid(e5a20eeb4e4c4c2439b7b7399a9e48f6) Importer(815301076,1909f56bfc062723c751e8b465ee728b)
Start importing Assets/work/sound/Other/slide_and_click.wav using Guid(e5a20eeb4e4c4c2439b7b7399a9e48f6) Importer(815301076,1909f56bfc062723c751e8b465ee728b) (PreviewImporter) -> (artifact id: '8114d6b2e7d85aa535c80fc728d969aa') in 0.0191307 seconds
Number of updated asset objects reloaded before import = 0Number of asset objects unloaded after import = 2

========================================================================
Received Import Request.
  Time since last request: 0.000026 seconds.
  path: Assets/work/sound/Other/paste.wav
  artifactKey: Guid(a754fa69708987b469d8f10714ff056e) Importer(815301076,1909f56bfc062723c751e8b465ee728b)
Start importing Assets/work/sound/Other/paste.wav using Guid(a754fa69708987b469d8f10714ff056e) Importer(815301076,1909f56bfc062723c751e8b465ee728b) (PreviewImporter) -> (artifact id: '9f4380f6dbcb69246951f24e8b2f6393') in 0.0070095 seconds
Number of updated asset objects reloaded before import = 0Number of asset objects unloaded after import = 2

========================================================================
Received Import Request.
  Time since last request: 0.000020 seconds.
  path: Assets/work/sound/Other/subtle_knock.wav
  artifactKey: Guid(1c65ccbd3eaa18e4d9fa4d675061a91f) Importer(815301076,1909f56bfc062723c751e8b465ee728b)
Start importing Assets/work/sound/Other/subtle_knock.wav using Guid(1c65ccbd3eaa18e4d9fa4d675061a91f) Importer(815301076,1909f56bfc062723c751e8b465ee728b) (PreviewImporter) -> (artifact id: '06522138f5632827a680a2dc3e178b99') in 0.005614 seconds
Number of updated asset objects reloaded before import = 0Number of asset objects unloaded after import = 2

========================================================================
Received Import Request.
  Time since last request: 0.000018 seconds.
  path: Assets/work/sound/Other/white_noise_long.wav
  artifactKey: Guid(1dfc71d9b07b17a4eae46eadf4702acf) Importer(815301076,1909f56bfc062723c751e8b465ee728b)
Start importing Assets/work/sound/Other/white_noise_long.wav using Guid(1dfc71d9b07b17a4eae46eadf4702acf) Importer(815301076,1909f56bfc062723c751e8b465ee728b) (PreviewImporter) -> (artifact id: '8fbf50878d9ca4b7f04f65b941420d08') in 0.0049054 seconds
Number of updated asset objects reloaded before import = 0Number of asset objects unloaded after import = 2

========================================================================
Received Import Request.
  Time since last request: 0.000026 seconds.
  path: Assets/work/sound/Other/record_scratch.wav
  artifactKey: Guid(ef4d526f11eda4f42ab49bc0e7e4a70e) Importer(815301076,1909f56bfc062723c751e8b465ee728b)
Start importing Assets/work/sound/Other/record_scratch.wav using Guid(ef4d526f11eda4f42ab49bc0e7e4a70e) Importer(815301076,1909f56bfc062723c751e8b465ee728b) (PreviewImporter) -> (artifact id: 'a5211cca32a283aafba89895ad77629a') in 0.0068309 seconds
Number of updated asset objects reloaded before import = 0Number of asset objects unloaded after import = 2

========================================================================
Received Import Request.
  Time since last request: 0.000018 seconds.
  path: Assets/work/sound/Other/whoosh_1.wav
  artifactKey: Guid(04062c76349128f4088fbe10d72ee706) Importer(815301076,1909f56bfc062723c751e8b465ee728b)
Start importing Assets/work/sound/Other/whoosh_1.wav using Guid(04062c76349128f4088fbe10d72ee706) Importer(815301076,1909f56bfc062723c751e8b465ee728b) (PreviewImporter) -> (artifact id: 'dd99e7747700e9d1f075545ffe33500a') in 0.0054273 seconds
Number of updated asset objects reloaded before import = 0Number of asset objects unloaded after import = 2

========================================================================
Received Import Request.
  Time since last request: 44.068029 seconds.
  path: Assets/work/sound/Environment/ambient_wind.wav
  artifactKey: Guid(eee5e62cad268864d972717363009ca1) Importer(815301076,1909f56bfc062723c751e8b465ee728b)
Start importing Assets/work/sound/Environment/ambient_wind.wav using Guid(eee5e62cad268864d972717363009ca1) Importer(815301076,1909f56bfc062723c751e8b465ee728b) (PreviewImporter) -> (artifact id: '7fec8e09995e8e9cbb71fa04634aefcf') in 0.0079842 seconds
Number of updated asset objects reloaded before import = 0Number of asset objects unloaded after import = 2

========================================================================
Received Import Request.
  Time since last request: 0.000018 seconds.
  path: Assets/work/sound/Environment/lock_quick.wav
  artifactKey: Guid(4f352eb230ce2b9488ab3b505ad38385) Importer(815301076,1909f56bfc062723c751e8b465ee728b)
Start importing Assets/work/sound/Environment/lock_quick.wav using Guid(4f352eb230ce2b9488ab3b505ad38385) Importer(815301076,1909f56bfc062723c751e8b465ee728b) (PreviewImporter) -> (artifact id: '53e6d4e341daf74c8f99f25e98daec9b') in 0.0359728 seconds
Number of updated asset objects reloaded before import = 0Number of asset objects unloaded after import = 2

========================================================================
Received Import Request.
  Time since last request: 0.000023 seconds.
  path: Assets/work/sound/Environment/fire_lighting.wav
  artifactKey: Guid(6278f20d3825e664782b991d7f074338) Importer(815301076,1909f56bfc062723c751e8b465ee728b)
Start importing Assets/work/sound/Environment/fire_lighting.wav using Guid(6278f20d3825e664782b991d7f074338) Importer(815301076,1909f56bfc062723c751e8b465ee728b) (PreviewImporter) -> (artifact id: '5514b0224496b83dad7cc4d0d3f1db5e') in 0.0295868 seconds
Number of updated asset objects reloaded before import = 0Number of asset objects unloaded after import = 2

========================================================================
Received Import Request.
  Time since last request: 0.000016 seconds.
  path: Assets/work/sound/Environment/door_open.wav
  artifactKey: Guid(86edaa34df094df4890fde0b5288daa1) Importer(815301076,1909f56bfc062723c751e8b465ee728b)
Start importing Assets/work/sound/Environment/door_open.wav using Guid(86edaa34df094df4890fde0b5288daa1) Importer(815301076,1909f56bfc062723c751e8b465ee728b) (PreviewImporter) -> (artifact id: 'afb4d200db0ff32f6bd31eb18f978935') in 0.0085024 seconds
Number of updated asset objects reloaded before import = 0Number of asset objects unloaded after import = 2

========================================================================
Received Import Request.
  Time since last request: 0.000024 seconds.
  path: Assets/work/sound/Environment/clock_ticking.wav
  artifactKey: Guid(95b804b7a453fc2499290db6c65b0bdc) Importer(815301076,1909f56bfc062723c751e8b465ee728b)
Start importing Assets/work/sound/Environment/clock_ticking.wav using Guid(95b804b7a453fc2499290db6c65b0bdc) Importer(815301076,1909f56bfc062723c751e8b465ee728b) (PreviewImporter) -> (artifact id: 'ab52c31bd47a8ce0dbfd7d837acac2f3') in 0.0048331 seconds
Number of updated asset objects reloaded before import = 0Number of asset objects unloaded after import = 2

========================================================================
Received Import Request.
  Time since last request: 0.000028 seconds.
  path: Assets/work/sound/Environment/door_close.wav
  artifactKey: Guid(e54b388114f783f4f8441ec149cc53b1) Importer(815301076,1909f56bfc062723c751e8b465ee728b)
Start importing Assets/work/sound/Environment/door_close.wav using Guid(e54b388114f783f4f8441ec149cc53b1) Importer(815301076,1909f56bfc062723c751e8b465ee728b) (PreviewImporter) -> (artifact id: 'ac077aaf0bf4bdc531d393d7d1cd8fa8') in 0.0129762 seconds
Number of updated asset objects reloaded before import = 0Number of asset objects unloaded after import = 2

========================================================================
Received Import Request.
  Time since last request: 0.000017 seconds.
  path: Assets/work/sound/Environment/gurgling.wav
  artifactKey: Guid(bf6e17db71e49034382f39f6c54df6a2) Importer(815301076,1909f56bfc062723c751e8b465ee728b)
Start importing Assets/work/sound/Environment/gurgling.wav using Guid(bf6e17db71e49034382f39f6c54df6a2) Importer(815301076,1909f56bfc062723c751e8b465ee728b) (PreviewImporter) -> (artifact id: '78d01e9d10cb648ceff500600e8a2215') in 0.013177 seconds
Number of updated asset objects reloaded before import = 0Number of asset objects unloaded after import = 2

========================================================================
Received Import Request.
  Time since last request: 0.000018 seconds.
  path: Assets/work/sound/Environment/clock_tock_only.wav
  artifactKey: Guid(90a1cda6c38bd594f9a85e05909fa91b) Importer(815301076,1909f56bfc062723c751e8b465ee728b)
Start importing Assets/work/sound/Environment/clock_tock_only.wav using Guid(90a1cda6c38bd594f9a85e05909fa91b) Importer(815301076,1909f56bfc062723c751e8b465ee728b) (PreviewImporter) -> (artifact id: '264280d27820ffd7fbd1c1a8a8f64044') in 0.0052491 seconds
Number of updated asset objects reloaded before import = 0Number of asset objects unloaded after import = 2

========================================================================
Received Prepare
Begin MonoManager ReloadAssembly
[Licensing::Client] Successfully resolved entitlement details
- Loaded All Assemblies, in  1.141 seconds
Refreshing native plugins compatible for Editor in 1.00 ms, found 3 plugins.
Native extension for WindowsStandalone target not found
[Package Manager] Failed to launch server process. Reason: Unity was launched with the -noUpm command-line argument
[Package Manager] Unable to send message (not connected to server process).
[Package Manager] Cannot connect to Unity Package Manager local server
ScheduleIndexationOnStartup MainProcess:False IndexOnStartup:True
Mono: successfully reloaded assembly
- Finished resetting the current domain, in  1.071 seconds
Domain Reload Profiling: 2210ms
	BeginReloadAssembly (310ms)
		ExecutionOrderSort (0ms)
		DisableScriptedObjects (8ms)
		BackupInstance (0ms)
		ReleaseScriptingObjects (0ms)
		CreateAndSetChildDomain (76ms)
	RebuildCommonClasses (45ms)
	RebuildNativeTypeToScriptingClass (17ms)
	initialDomainReloadingComplete (36ms)
	LoadAllAssembliesAndSetupDomain (731ms)
		LoadAssemblies (510ms)
		RebuildTransferFunctionScriptingTraits (0ms)
		AnalyzeDomain (356ms)
			TypeCache.Refresh (14ms)
				TypeCache.ScanAssembly (0ms)
			BuildScriptInfoCaches (322ms)
			ResolveRequiredComponents (14ms)
	FinalizeReload (1072ms)
		ReleaseScriptCaches (0ms)
		RebuildScriptCaches (0ms)
		SetupLoadedEditorAssemblies (793ms)
			LogAssemblyErrors (0ms)
			InitializePlatformSupportModulesInManaged (14ms)
			SetLoadedEditorAssemblies (4ms)
			BeforeProcessingInitializeOnLoad (209ms)
			ProcessInitializeOnLoadAttributes (462ms)
			ProcessInitializeOnLoadMethodAttributes (95ms)
			AfterProcessingInitializeOnLoad (9ms)
			EditorAssembliesLoaded (0ms)
		ExecutionOrderSort2 (0ms)
		AwakeInstancesAfterBackupRestoration (19ms)
Refreshing native plugins compatible for Editor in 1.30 ms, found 3 plugins.
Preloading 0 native plugins for Editor in 0.00 ms.
Unloading 6 Unused Serialized files (Serialized files now loaded: 0)
Unloading 7339 unused Assets / (4.6 MB). Loaded Objects now: 8446.
Memory consumption went from 225.3 MB to 220.7 MB.
Total: 17.982500 ms (FindLiveObjects: 1.783900 ms CreateObjectMapping: 2.386400 ms MarkObjects: 10.160600 ms  DeleteObjects: 3.649100 ms)

Prepare: number of updated asset objects reloaded= 0
Editor requested this worker to shutdown with reason: Scaling down because of idle timeout
AssetImportWorker is now disconnected from the server
Process exiting
Exiting without the bug reporter. Application will terminate with return code 0